// Jest Snapshot v1, https://goo.gl/fbAQLP

exports[`Renders AutoComplete 1`] = `
<DocumentFragment>
  <div
    class="mainContainer"
  >
    <div
      class="searchableContainer"
    >
      <div
        class="multiSelectContainer"
      >
        <div
          class="selectedOptionContainer"
        >
          <span
            class="selectedOptions"
            data-testid="selectedOptions"
          >
            India
            <span
              class="cross"
              data-testid="removeItem"
            >
              x
            </span>
          </span>
          <span
            class="selectedOptions"
            data-testid="selectedOptions"
          >
            Singapore
            <span
              class="cross"
              data-testid="removeItem"
            >
              x
            </span>
          </span>
          <span
            class="selectedOptions"
            data-testid="selectedOptions"
          >
            China
            <span
              class="cross"
              data-testid="removeItem"
            >
              x
            </span>
          </span>
        </div>
        <input
          class="searchInput"
          data-testid="searchInput"
          id="searchInput"
          placeholder="Search.."
          type="text"
        />
      </div>
      <select
        class="selectContainer"
        data-testid="selectContainer"
        id="selectContainer"
        multiple=""
      >
        <option
          class="options"
          value="India"
        >
          India
        </option>
        <option
          class="options"
          value="Singapore"
        >
          Singapore
        </option>
        <option
          class="options"
          value="China"
        >
          China
        </option>
        <option
          class="options"
          value="America"
        >
          America
        </option>
        <option
          class="options"
          value="Australia"
        >
          Australia
        </option>
        <option
          class="options"
          value="Kenya"
        >
          Kenya
        </option>
        <option
          class="options"
          value="South Afirca"
        >
          South Afirca
        </option>
        <option
          class="options"
          value="Iraq"
        >
          Iraq
        </option>
        <option
          class="options"
          value="Canada"
        >
          Canada
        </option>
      </select>
    </div>
  </div>
</DocumentFragment>
`;
